// Jest Snapshot v1, https://goo.gl/fbAQLP

exports[`HourlyForecast Component matches snapshot 1`] = `
<div>
  <div
    class="hourly-forecast"
  >
    <button
      class="left-arrow"
      data-testid="left-arrow"
      disabled=""
    >
      <svg
        data-testid="mocked-left-arrow"
      />
    </button>
    <div
      class="slider-container"
    >
      <div
        class="slider"
        data-testid="slider"
        id="slider"
        style="transform: translateX(-0px);"
      >
        <div
          class="day"
        >
          <div>
            21
            °
          </div>
          <div
            class="line"
          />
          <div>
            15
          </div>
        </div>
        <div
          class="day"
        >
          <div>
            22
            °
          </div>
          <div
            class="line"
          />
          <div>
            16
          </div>
        </div>
        <div
          class="day"
        >
          <div>
            23
            °
          </div>
          <div
            class="line"
          />
          <div>
            17
          </div>
        </div>
        <div
          class="day"
        >
          <div>
            24
            °
          </div>
          <div
            class="line"
          />
          <div>
            18
          </div>
        </div>
        <div
          class="day"
        >
          <div>
            25
            °
          </div>
          <div
            class="line"
          />
          <div>
            19
          </div>
        </div>
        <div
          class="day"
        >
          <div>
            26
            °
          </div>
          <div
            class="line"
          />
          <div>
            20
          </div>
        </div>
        <div
          class="day"
        >
          <div>
            27
            °
          </div>
          <div
            class="line"
          />
          <div>
            21
          </div>
        </div>
        <div
          class="day"
        >
          <div>
            28
            °
          </div>
          <div
            class="line"
          />
          <div>
            22
          </div>
        </div>
        <div
          class="day"
        >
          <div>
            29
            °
          </div>
          <div
            class="line"
          />
          <div>
            23
          </div>
        </div>
        <div
          class="day"
        >
          <div>
            30
            °
          </div>
          <div
            class="line"
          />
          <div>
            00
          </div>
        </div>
        <div
          class="day"
        >
          <div>
            31
            °
          </div>
          <div
            class="line"
          />
          <div>
            01
          </div>
        </div>
        <div
          class="day"
        >
          <div>
            32
            °
          </div>
          <div
            class="line"
          />
          <div>
            02
          </div>
        </div>
        <div
          class="day"
        >
          <div>
            33
            °
          </div>
          <div
            class="line"
          />
          <div>
            03
          </div>
        </div>
      </div>
    </div>
    <button
      class="right-arrow"
      data-testid="right-arrow"
    >
      <svg
        data-testid="mocked-right-arrow"
      />
    </button>
  </div>
</div>
`;
